Archive member included because of file (symbol)

.\CortexM3\ARM_GCC_493\Debug\n00b.a(cyfitter_cfg.o)
                              .\CortexM3\ARM_GCC_493\Debug\Cm3Start.o (cyfitter_cfg)
.\CortexM3\ARM_GCC_493\Debug\n00b.a(QuadDec_1.o)
                              .\CortexM3\ARM_GCC_493\Debug\main.o (QuadDec_1_GetCounter)
.\CortexM3\ARM_GCC_493\Debug\n00b.a(QuadDec_1_INT.o)
                              .\CortexM3\ARM_GCC_493\Debug\n00b.a(QuadDec_1.o) (QuadDec_1_ISR)
.\CortexM3\ARM_GCC_493\Debug\n00b.a(USBFS_1.o)
                              .\CortexM3\ARM_GCC_493\Debug\main.o (USBFS_1_Start)
.\CortexM3\ARM_GCC_493\Debug\n00b.a(USBFS_1_drv.o)
                              .\CortexM3\ARM_GCC_493\Debug\n00b.a(USBFS_1.o) (USBFS_1_lastPacketSize)
.\CortexM3\ARM_GCC_493\Debug\n00b.a(USBFS_1_episr.o)
                              .\CortexM3\ARM_GCC_493\Debug\n00b.a(USBFS_1.o) (USBFS_1_EP_1_ISR)
.\CortexM3\ARM_GCC_493\Debug\n00b.a(USBFS_1_hid.o)
                              .\CortexM3\ARM_GCC_493\Debug\n00b.a(USBFS_1.o) (USBFS_1_hidProtocol)
.\CortexM3\ARM_GCC_493\Debug\n00b.a(USBFS_1_pm.o)
                              .\CortexM3\ARM_GCC_493\Debug\n00b.a(USBFS_1.o) (USBFS_1_DP_ISR)
.\CortexM3\ARM_GCC_493\Debug\n00b.a(USBFS_1_std.o)
                              .\CortexM3\ARM_GCC_493\Debug\n00b.a(USBFS_1_pm.o) (USBFS_1_ConfigReg)
.\CortexM3\ARM_GCC_493\Debug\n00b.a(USBFS_1_vnd.o)
                              .\CortexM3\ARM_GCC_493\Debug\n00b.a(USBFS_1_drv.o) (USBFS_1_HandleVendorRqst)
.\CortexM3\ARM_GCC_493\Debug\n00b.a(QuadDec_1_Cnt16.o)
                              .\CortexM3\ARM_GCC_493\Debug\n00b.a(QuadDec_1.o) (QuadDec_1_Cnt16_Stop)
.\CortexM3\ARM_GCC_493\Debug\n00b.a(USBFS_1_Dp.o)
                              .\CortexM3\ARM_GCC_493\Debug\n00b.a(USBFS_1.o) (USBFS_1_Dp_ClearInterrupt)
.\CortexM3\ARM_GCC_493\Debug\n00b.a(CyLib.o)
                              .\CortexM3\ARM_GCC_493\Debug\Cm3Start.o (CyHalt)
.\CortexM3\ARM_GCC_493\Debug\n00b.a(cyPm.o)
                              .\CortexM3\ARM_GCC_493\Debug\n00b.a(CyLib.o) (CyPmReadStatus)
.\CortexM3\ARM_GCC_493\Debug\n00b.a(CyBootAsmGnu.o)
                              .\CortexM3\ARM_GCC_493\Debug\n00b.a(cyfitter_cfg.o) (CyDelayCycles)
.\CortexM3\ARM_GCC_493\Debug\n00b.a(USBFS_1_cls.o)
                              .\CortexM3\ARM_GCC_493\Debug\n00b.a(USBFS_1_drv.o) (USBFS_1_DispatchClassRqst)
.\CortexM3\ARM_GCC_493\Debug\n00b.a(USBFS_1_descr.o)
                              .\CortexM3\ARM_GCC_493\Debug\n00b.a(USBFS_1_std.o) (USBFS_1_TABLE)
.\CortexM3\ARM_GCC_493\Debug\n00b.a(CyFlash.o)
                              .\CortexM3\ARM_GCC_493\Debug\n00b.a(cyPm.o) (CyFlash_SetWaitCycles)
.\CortexM3\ARM_GCC_493\Debug\n00b.a(CySpc.o)
                              .\CortexM3\ARM_GCC_493\Debug\n00b.a(CyFlash.o) (CySpcStart)
c:/program files (x86)/cypress/psoc creator/4.0/psoc creator/import/gnu/arm/4.9.3/bin/../lib/gcc/arm-none-eabi/4.9.3/armv7-m\libgcc.a(_arm_addsubdf3.o)
                              .\CortexM3\ARM_GCC_493\Debug\main.o (__aeabi_f2d)
c:/program files (x86)/cypress/psoc creator/4.0/psoc creator/import/gnu/arm/4.9.3/bin/../lib/gcc/arm-none-eabi/4.9.3/armv7-m\libgcc.a(_arm_cmpdf2.o)
                              .\CortexM3\ARM_GCC_493\Debug\main.o (__aeabi_dcmpgt)
c:/program files (x86)/cypress/psoc creator/4.0/psoc creator/import/gnu/arm/4.9.3/bin/../lib/gcc/arm-none-eabi/4.9.3/armv7-m\libgcc.a(_arm_addsubsf3.o)
                              .\CortexM3\ARM_GCC_493\Debug\main.o (__aeabi_fadd)
c:/program files (x86)/cypress/psoc creator/4.0/psoc creator/import/gnu/arm/4.9.3/bin/../lib/gcc/arm-none-eabi/4.9.3/armv7-m\libgcc.a(_arm_muldivsf3.o)
                              .\CortexM3\ARM_GCC_493\Debug\main.o (__aeabi_fmul)
c:/program files (x86)/cypress/psoc creator/4.0/psoc creator/import/gnu/arm/4.9.3/bin/../lib/gcc/arm-none-eabi/4.9.3/../../../../arm-none-eabi/lib/armv7-m\libg_nano.a(lib_a-errno.o)
                              .\CortexM3\ARM_GCC_493\Debug\Cm3Start.o (__errno)
c:/program files (x86)/cypress/psoc creator/4.0/psoc creator/import/gnu/arm/4.9.3/bin/../lib/gcc/arm-none-eabi/4.9.3/../../../../arm-none-eabi/lib/armv7-m\libg_nano.a(lib_a-exit.o)
                              c:/program files (x86)/cypress/psoc creator/4.0/psoc creator/import/gnu/arm/4.9.3/bin/../lib/gcc/arm-none-eabi/4.9.3/../../../../arm-none-eabi/lib/armv7-m/crt0.o (exit)
c:/program files (x86)/cypress/psoc creator/4.0/psoc creator/import/gnu/arm/4.9.3/bin/../lib/gcc/arm-none-eabi/4.9.3/../../../../arm-none-eabi/lib/armv7-m\libg_nano.a(lib_a-impure.o)
                              c:/program files (x86)/cypress/psoc creator/4.0/psoc creator/import/gnu/arm/4.9.3/bin/../lib/gcc/arm-none-eabi/4.9.3/../../../../arm-none-eabi/lib/armv7-m\libg_nano.a(lib_a-exit.o) (_global_impure_ptr)
c:/program files (x86)/cypress/psoc creator/4.0/psoc creator/import/gnu/arm/4.9.3/bin/../lib/gcc/arm-none-eabi/4.9.3/../../../../arm-none-eabi/lib/armv7-m\libg_nano.a(lib_a-init.o)
[...]
Memory Configuration

Name             Origin             Length             Attributes
rom              0x00000000         0x00040000         xr
ram              0x1fff8000         0x00010000         xrw
*default*        0x00000000         0xffffffff

Linker script and memory map

LOAD c:/program files (x86)/cypress/psoc creator/4.0/psoc creator/import/gnu/arm/4.9.3/bin/../lib/gcc/arm-none-eabi/4.9.3/armv7-m/crti.o
LOAD c:/program files (x86)/cypress/psoc creator/4.0/psoc creator/import/gnu/arm/4.9.3/bin/../lib/gcc/arm-none-eabi/4.9.3/armv7-m/crtbegin.o
LOAD c:/program files (x86)/cypress/psoc creator/4.0/psoc creator/import/gnu/arm/4.9.3/bin/../lib/gcc/arm-none-eabi/4.9.3/../../../../arm-none-eabi/lib/armv7-m/crt0.o
START GROUP
LOAD .\CortexM3\ARM_GCC_493\Debug\main.o
LOAD .\CortexM3\ARM_GCC_493\Debug\cymetadata.o
LOAD .\CortexM3\ARM_GCC_493\Debug\Cm3Start.o
LOAD .\CortexM3\ARM_GCC_493\Debug\n00b.a
LOAD C:\Program Files (x86)\Cypress\PSoC Creator\4.0\PSoC Creator\psoc\content\cycomponentlibrary\CyComponentLibrary.cylib\CortexM3\ARM_GCC_493\Debug\CyComponentLibrary.a
END GROUP
START GROUP
LOAD c:/program files (x86)/cypress/psoc creator/4.0/psoc creator/import/gnu/arm/4.9.3/bin/../lib/gcc/arm-none-eabi/4.9.3/armv7-m\libgcc.a
LOAD c:/program files (x86)/cypress/psoc creator/4.0/psoc creator/import/gnu/arm/4.9.3/bin/../lib/gcc/arm-none-eabi/4.9.3/../../../../arm-none-eabi/lib/armv7-m\libg_nano.a
LOAD c:/program files (x86)/cypress/psoc creator/4.0/psoc creator/import/gnu/arm/4.9.3/bin/../lib/gcc/arm-none-eabi/4.9.3/../../../../arm-none-eabi/lib/armv7-m\libc_nano.a
END GROUP
START GROUP
LOAD c:/program files (x86)/cypress/psoc creator/4.0/psoc creator/import/gnu/arm/4.9.3/bin/../lib/gcc/arm-none-eabi/4.9.3/armv7-m\libgcc.a
LOAD c:/program files (x86)/cypress/psoc creator/4.0/psoc creator/import/gnu/arm/4.9.3/bin/../lib/gcc/arm-none-eabi/4.9.3/../../../../arm-none-eabi/lib/armv7-m\libc_nano.a
END GROUP
LOAD c:/program files (x86)/cypress/psoc creator/4.0/psoc creator/import/gnu/arm/4.9.3/bin/../lib/gcc/arm-none-eabi/4.9.3/armv7-m/crtend.o
LOAD c:/program files (x86)/cypress/psoc creator/4.0/psoc creator/import/gnu/arm/4.9.3/bin/../lib/gcc/arm-none-eabi/4.9.3/armv7-m/crtn.o
START GROUP
LOAD c:/program files (x86)/cypress/psoc creator/4.0/psoc creator/import/gnu/arm/4.9.3/bin/../lib/gcc/arm-none-eabi/4.9.3/armv7-m\libgcc.a
LOAD c:/program files (x86)/cypress/psoc creator/4.0/psoc creator/import/gnu/arm/4.9.3/bin/../lib/gcc/arm-none-eabi/4.9.3/../../../../arm-none-eabi/lib/armv7-m\libc.a
LOAD c:/program files (x86)/cypress/psoc creator/4.0/psoc creator/import/gnu/arm/4.9.3/bin/../lib/gcc/arm-none-eabi/4.9.3/../../../../arm-none-eabi/lib/armv7-m\libnosys.a
END GROUP
                0x00000000                CY_APPL_ORIGIN = 0x0
                0x00000100                CY_FLASH_ROW_SIZE = 0x100
                0x00000020                CY_ECC_ROW_SIZE = 0x20
                0x00000000                CY_EE_IN_BTLDR = 0x0
                0x00000000                CY_APPL_LOADABLE = 0x0
                0x00000800                CY_EE_SIZE = 0x800
                0x00000001                CY_APPL_NUM = 0x1
                0x00000001                CY_APPL_MAX = 0x1
                0x00000040                CY_METADATA_SIZE = 0x40
                0x00000000                CY_APPL_LOADABLE = 0x0
                0x00000000                CY_CHECKSUM_EXCLUDE_SIZE = ALIGN (0x0, CY_FLASH_ROW_SIZE)
                0x1fff8270                PROVIDE (__cy_heap_start, _end)
                0x00000001                PROVIDE (__cy_region_num, ((__cy_regions_end - __cy_regions) / 0x10))
                0x20008000                PROVIDE (__cy_stack, (ORIGIN (ram) + 0x10000))
                0x20007800                PROVIDE (__cy_heap_end, (__cy_stack - 0x800))

.cybootloader   0x00000000        0x0
 *(.cybootloader)
                0x00000000                appl1_start = CY_APPL_ORIGIN?CY_APPL_ORIGIN:ALIGN (CY_FLASH_ROW_SIZE)
                0x0001ff00                appl2_start = (appl1_start + ALIGN ((((0x40000 - appl1_start) - (0x2 * CY_FLASH_ROW_SIZE)) / 0x2), CY_FLASH_ROW_SIZE))
                0x00000000                appl_start = (CY_APPL_NUM == 0x1)?appl1_start:appl2_start
                0x00000000                ecc_offset = ((appl_start / CY_FLASH_ROW_SIZE) * CY_ECC_ROW_SIZE)
                0x00000000                ee_offset = (CY_APPL_LOADABLE && ! (CY_EE_IN_BTLDR))?((CY_EE_SIZE / CY_APPL_MAX) * (CY_APPL_NUM - 0x1)):0x0
                0x00000800                ee_size = (CY_APPL_LOADABLE && ! (CY_EE_IN_BTLDR))?(CY_EE_SIZE / CY_APPL_MAX):CY_EE_SIZE
                0x00000000                PROVIDE (CY_ECC_OFFSET, ecc_offset)

.text           0x00000000     0x237a
 CREATE_OBJECT_SYMBOLS
                0x00000000                PROVIDE (__cy_interrupt_vector, RomVectors)
 *(.romvectors)
 .romvectors    0x00000000       0x10 .\CortexM3\ARM_GCC_493\Debug\Cm3Start.o
                0x00000000                RomVectors
                0x00000001                ASSERT ((. != __cy_interrupt_vector), No interrupt vector)
                0x00000001                ASSERT (CY_APPL_ORIGIN?(SIZEOF (.cybootloader) <= CY_APPL_ORIGIN):0x1, Wrong image location)
                0x00000010                PROVIDE (__cy_reset, Reset)
 *(.text.Reset)
 .text.Reset    0x00000010       0x18 .\CortexM3\ARM_GCC_493\Debug\Cm3Start.o
                0x00000010                Reset
                0x00000001                ASSERT ((. != __cy_reset), No reset code)
 *(.dma_init)
                0x00000001                ASSERT ((((appl_start + .) <= 0x10000) || 0x1), DMA Init must be within the first 64k of flash)
 *(.text .text.* .gnu.linkonce.t.*)
 .text          0x00000028       0x5c c:/program files (x86)/cypress/psoc creator/4.0/psoc creator/import/gnu/arm/4.9.3/bin/../lib/gcc/arm-none-eabi/4.9.3/armv7-m/crtbegin.o
 *fill*         0x00000084        0x4 
 .text.main     0x00000088       0xb8 .\CortexM3\ARM_GCC_493\Debug\main.o
                0x00000088                main
 .text.IntDefaultHandler
                0x00000140       0x10 .\CortexM3\ARM_GCC_493\Debug\Cm3Start.o
                0x00000140                IntDefaultHandler
 .text.Start_c  0x00000150       0x4c .\CortexM3\ARM_GCC_493\Debug\Cm3Start.o
                0x00000150                Start_c
 .text.initialize_psoc
                0x0000019c       0x74 .\CortexM3\ARM_GCC_493\Debug\Cm3Start.o
                0x0000019c                initialize_psoc
 .text.CyClockStartupError
                0x00000210        0x4 .\CortexM3\ARM_GCC_493\Debug\n00b.a(cyfitter_cfg.o)
 .text.cfg_write_bytes32
                0x00000214       0x34 .\CortexM3\ARM_GCC_493\Debug\n00b.a(cyfitter_cfg.o)
 .text.AnalogSetDefault
                0x00000248       0x28 .\CortexM3\ARM_GCC_493\Debug\n00b.a(cyfitter_cfg.o)
 .text.ClockSetup
                0x00000270       0xbc .\CortexM3\ARM_GCC_493\Debug\n00b.a(cyfitter_cfg.o)
 .text.CYMEMZERO
                0x0000032c        0xc .\CortexM3\ARM_GCC_493\Debug\n00b.a(cyfitter_cfg.o)
 .text.CYCONFIGCPY
                0x00000338        0x8 .\CortexM3\ARM_GCC_493\Debug\n00b.a(cyfitter_cfg.o)
 .text.cyfitter_cfg
                0x00000340       0xd8 .\CortexM3\ARM_GCC_493\Debug\n00b.a(cyfitter_cfg.o)
                0x00000340                cyfitter_cfg
 .text.QuadDec_1_Init
                0x00000418       0x24 .\CortexM3\ARM_GCC_493\Debug\n00b.a(QuadDec_1.o)
                0x00000418                QuadDec_1_Init
 .text.QuadDec_1_GetCounter
                0x0000043c       0x2c .\CortexM3\ARM_GCC_493\Debug\n00b.a(QuadDec_1.o)
                0x0000043c                QuadDec_1_GetCounter
 .text.QuadDec_1_GetEvents
                0x00000468       0x10 .\CortexM3\ARM_GCC_493\Debug\n00b.a(QuadDec_1.o)
                0x00000468                QuadDec_1_GetEvents
 .text.QuadDec_1_SetInterruptMask
                0x00000478       0x10 .\CortexM3\ARM_GCC_493\Debug\n00b.a(QuadDec_1.o)
                0x00000478                QuadDec_1_SetInterruptMask
 .text.QuadDec_1_Enable
                0x00000488       0x30 .\CortexM3\ARM_GCC_493\Debug\n00b.a(QuadDec_1.o)
                0x00000488                QuadDec_1_Enable
 .text.QuadDec_1_Start
                0x000004b8       0x34 .\CortexM3\ARM_GCC_493\Debug\n00b.a(QuadDec_1.o)
                0x000004b8                QuadDec_1_Start
 .text.QuadDec_1_ISR
                0x000004ec       0x40 .\CortexM3\ARM_GCC_493\Debug\n00b.a(QuadDec_1_INT.o)
                0x000004ec                QuadDec_1_ISR
 .text.USBFS_1_Init
                0x0000052c      0x104 .\CortexM3\ARM_GCC_493\Debug\n00b.a(USBFS_1.o)
                0x0000052c                USBFS_1_Init
 .text.USBFS_1_InitComponent
                0x00000630       0xc0 .\CortexM3\ARM_GCC_493\Debug\n00b.a(USBFS_1.o)
                0x00000630                USBFS_1_InitComponent
 .text.USBFS_1_Start
                0x000006f0       0x24 .\CortexM3\ARM_GCC_493\Debug\n00b.a(USBFS_1.o)
                0x000006f0                USBFS_1_Start
 .text.USBFS_1_ReInitComponent
                0x00000714       0x64 .\CortexM3\ARM_GCC_493\Debug\n00b.a(USBFS_1.o)
                0x00000714                USBFS_1_ReInitComponent
 .text.USBFS_1_GetConfiguration
                0x00000778        0xc .\CortexM3\ARM_GCC_493\Debug\n00b.a(USBFS_1.o)
                0x00000778                USBFS_1_GetConfiguration
 .text.USBFS_1_LoadInEP
                0x00000784       0x94 .\CortexM3\ARM_GCC_493\Debug\n00b.a(USBFS_1.o)
                0x00000784                USBFS_1_LoadInEP
 .text.USBFS_1_GetEPAckState
                0x00000818       0x20 .\CortexM3\ARM_GCC_493\Debug\n00b.a(USBFS_1.o)
                0x00000818                USBFS_1_GetEPAckState
 .text.USBFS_1_LoadEP0
                0x00000838       0x94 .\CortexM3\ARM_GCC_493\Debug\n00b.a(USBFS_1_drv.o)
                0x00000838                USBFS_1_LoadEP0
 .text.USBFS_1_InitZeroLengthControlTransfer
                0x000008cc       0x34 .\CortexM3\ARM_GCC_493\Debug\n00b.a(USBFS_1_drv.o)
                0x000008cc                USBFS_1_InitZeroLengthControlTransfer
 .text.USBFS_1_ControlReadDataStage
                0x00000900        0x8 .\CortexM3\ARM_GCC_493\Debug\n00b.a(USBFS_1_drv.o)
                0x00000900                USBFS_1_ControlReadDataStage
 .text.USBFS_1_ControlWriteDataStage
                0x00000908       0x80 .\CortexM3\ARM_GCC_493\Debug\n00b.a(USBFS_1_drv.o)
                0x00000908                USBFS_1_ControlWriteDataStage
 .text.USBFS_1_InitNoDataControlTransfer
                0x00000988       0x2c .\CortexM3\ARM_GCC_493\Debug\n00b.a(USBFS_1_drv.o)
                0x00000988                USBFS_1_InitNoDataControlTransfer
 .text.USBFS_1_UpdateStatusBlock
                0x000009b4       0x24 .\CortexM3\ARM_GCC_493\Debug\n00b.a(USBFS_1_drv.o)
                0x000009b4                USBFS_1_UpdateStatusBlock
 .text.USBFS_1_HandleSetup
                0x000009d8       0x5c .\CortexM3\ARM_GCC_493\Debug\n00b.a(USBFS_1_drv.o)
                0x000009d8                USBFS_1_HandleSetup
 .text.USBFS_1_ControlReadStatusStage
                0x00000a34       0x34 .\CortexM3\ARM_GCC_493\Debug\n00b.a(USBFS_1_drv.o)
                0x00000a34                USBFS_1_ControlReadStatusStage
 .text.USBFS_1_HandleOUT
                0x00000a68       0x38 .\CortexM3\ARM_GCC_493\Debug\n00b.a(USBFS_1_drv.o)
                0x00000a68                USBFS_1_HandleOUT
 .text.USBFS_1_ControlWriteStatusStage
                0x00000aa0       0x20 .\CortexM3\ARM_GCC_493\Debug\n00b.a(USBFS_1_drv.o)
                0x00000aa0                USBFS_1_ControlWriteStatusStage
 .text.USBFS_1_NoDataControlStatusStage
                0x00000ac0       0x40 .\CortexM3\ARM_GCC_493\Debug\n00b.a(USBFS_1_drv.o)
                0x00000ac0                USBFS_1_NoDataControlStatusStage
 .text.USBFS_1_HandleIN
                0x00000b00       0x2c .\CortexM3\ARM_GCC_493\Debug\n00b.a(USBFS_1_drv.o)
                0x00000b00                USBFS_1_HandleIN
 .text.USBFS_1_EP_0_ISR
                0x00000b2c       0xb8 .\CortexM3\ARM_GCC_493\Debug\n00b.a(USBFS_1_drv.o)
                0x00000b2c                USBFS_1_EP_0_ISR
 .text.USBFS_1_InitializeStatusBlock
                0x00000be4       0x24 .\CortexM3\ARM_GCC_493\Debug\n00b.a(USBFS_1_drv.o)
                0x00000be4                USBFS_1_InitializeStatusBlock
 .text.USBFS_1_InitControlRead
                0x00000c08       0x50 .\CortexM3\ARM_GCC_493\Debug\n00b.a(USBFS_1_drv.o)
                0x00000c08                USBFS_1_InitControlRead
 .text.USBFS_1_InitControlWrite
                0x00000c58       0x48 .\CortexM3\ARM_GCC_493\Debug\n00b.a(USBFS_1_drv.o)
                0x00000c58                USBFS_1_InitControlWrite
 .text.USBFS_1_EP_1_ISR
                0x00000ca0       0x30 .\CortexM3\ARM_GCC_493\Debug\n00b.a(USBFS_1_episr.o)
                0x00000ca0                USBFS_1_EP_1_ISR
 .text.USBFS_1_BUS_RESET_ISR
                0x00000cd0        0x8 .\CortexM3\ARM_GCC_493\Debug\n00b.a(USBFS_1_episr.o)
                0x00000cd0                USBFS_1_BUS_RESET_ISR
 .text.USBFS_1_FindHidClassDecriptor
                0x00000cd8       0x40 .\CortexM3\ARM_GCC_493\Debug\n00b.a(USBFS_1_hid.o)
                0x00000cd8                USBFS_1_FindHidClassDecriptor
 .text.USBFS_1_FindReportDescriptor
                0x00000d18       0x48 .\CortexM3\ARM_GCC_493\Debug\n00b.a(USBFS_1_hid.o)
                0x00000d18                USBFS_1_FindReportDescriptor
 .text.USBFS_1_FindReport
                0x00000d60       0x7c .\CortexM3\ARM_GCC_493\Debug\n00b.a(USBFS_1_hid.o)
                0x00000d60                USBFS_1_FindReport
 .text.USBFS_1_DispatchHIDClassRqst
                0x00000ddc      0x180 .\CortexM3\ARM_GCC_493\Debug\n00b.a(USBFS_1_hid.o)
                0x00000ddc                USBFS_1_DispatchHIDClassRqst
 .text.USBFS_1_DP_ISR
                0x00000f5c        0x8 .\CortexM3\ARM_GCC_493\Debug\n00b.a(USBFS_1_pm.o)
                0x00000f5c                USBFS_1_DP_ISR
 .text.USBFS_1_ConfigReg
                0x00000f64       0xa4 .\CortexM3\ARM_GCC_493\Debug\n00b.a(USBFS_1_std.o)
                0x00000f64                USBFS_1_ConfigReg
 .text.USBFS_1_GetConfigTablePtr
                0x00001008       0x28 .\CortexM3\ARM_GCC_493\Debug\n00b.a(USBFS_1_std.o)
                0x00001008                USBFS_1_GetConfigTablePtr
 .text.USBFS_1_ConfigAltChanged
                0x00001030      0x11c .\CortexM3\ARM_GCC_493\Debug\n00b.a(USBFS_1_std.o)
                0x00001030                USBFS_1_ConfigAltChanged
 .text.USBFS_1_GetDeviceTablePtr
                0x0000114c       0x18 .\CortexM3\ARM_GCC_493\Debug\n00b.a(USBFS_1_std.o)
                0x0000114c                USBFS_1_GetDeviceTablePtr
 .text.USBFS_1_GetInterfaceClassTablePtr
                0x00001164       0x24 .\CortexM3\ARM_GCC_493\Debug\n00b.a(USBFS_1_std.o)
                0x00001164                USBFS_1_GetInterfaceClassTablePtr
 .text.USBFS_1_Config
                0x00001188      0x1b8 .\CortexM3\ARM_GCC_493\Debug\n00b.a(USBFS_1_std.o)
                0x00001188                USBFS_1_Config
 .text.USBFS_1_SetEndpointHalt
                0x00001340       0x64 .\CortexM3\ARM_GCC_493\Debug\n00b.a(USBFS_1_std.o)
                0x00001340                USBFS_1_SetEndpointHalt
 .text.USBFS_1_ClearEndpointHalt
                0x000013a4       0xa8 .\CortexM3\ARM_GCC_493\Debug\n00b.a(USBFS_1_std.o)
                0x000013a4                USBFS_1_ClearEndpointHalt
 .text.USBFS_1_ValidateAlternateSetting
                0x0000144c       0x4c .\CortexM3\ARM_GCC_493\Debug\n00b.a(USBFS_1_std.o)
                0x0000144c                USBFS_1_ValidateAlternateSetting
 .text.USBFS_1_HandleStandardRqst
                0x00001498      0x324 .\CortexM3\ARM_GCC_493\Debug\n00b.a(USBFS_1_std.o)
                0x00001498                USBFS_1_HandleStandardRqst
 .text.USBFS_1_HandleVendorRqst
                0x000017bc       0x18 .\CortexM3\ARM_GCC_493\Debug\n00b.a(USBFS_1_vnd.o)
                0x000017bc                USBFS_1_HandleVendorRqst
 .text.QuadDec_1_Cnt16_Enable
                0x000017d4       0x10 .\CortexM3\ARM_GCC_493\Debug\n00b.a(QuadDec_1_Cnt16.o)
                0x000017d4                QuadDec_1_Cnt16_Enable
 .text.QuadDec_1_Cnt16_SetInterruptMode
                0x000017e4        0xc .\CortexM3\ARM_GCC_493\Debug\n00b.a(QuadDec_1_Cnt16.o)
                0x000017e4                QuadDec_1_Cnt16_SetInterruptMode
 .text.QuadDec_1_Cnt16_ReadStatusRegister
                0x000017f0        0xc .\CortexM3\ARM_GCC_493\Debug\n00b.a(QuadDec_1_Cnt16.o)
                0x000017f0                QuadDec_1_Cnt16_ReadStatusRegister
 .text.QuadDec_1_Cnt16_WriteCounter
                0x000017fc        0xc .\CortexM3\ARM_GCC_493\Debug\n00b.a(QuadDec_1_Cnt16.o)
                0x000017fc                QuadDec_1_Cnt16_WriteCounter
 .text.QuadDec_1_Cnt16_ReadCounter
                0x00001808       0x14 .\CortexM3\ARM_GCC_493\Debug\n00b.a(QuadDec_1_Cnt16.o)
                0x00001808                QuadDec_1_Cnt16_ReadCounter
 .text.QuadDec_1_Cnt16_ReadCapture
                0x0000181c        0xc .\CortexM3\ARM_GCC_493\Debug\n00b.a(QuadDec_1_Cnt16.o)
                0x0000181c                QuadDec_1_Cnt16_ReadCapture
 .text.QuadDec_1_Cnt16_WritePeriod
                0x00001828        0xc .\CortexM3\ARM_GCC_493\Debug\n00b.a(QuadDec_1_Cnt16.o)
                0x00001828                QuadDec_1_Cnt16_WritePeriod
 .text.QuadDec_1_Cnt16_WriteCompare
                0x00001834        0xc .\CortexM3\ARM_GCC_493\Debug\n00b.a(QuadDec_1_Cnt16.o)
                0x00001834                QuadDec_1_Cnt16_WriteCompare
 .text.QuadDec_1_Cnt16_ClearFIFO
                0x00001840       0x14 .\CortexM3\ARM_GCC_493\Debug\n00b.a(QuadDec_1_Cnt16.o)
                0x00001840                QuadDec_1_Cnt16_ClearFIFO
 .text.QuadDec_1_Cnt16_Init
                0x00001854       0x58 .\CortexM3\ARM_GCC_493\Debug\n00b.a(QuadDec_1_Cnt16.o)
                0x00001854                QuadDec_1_Cnt16_Init
 .text.QuadDec_1_Cnt16_Start
                0x000018ac       0x1c .\CortexM3\ARM_GCC_493\Debug\n00b.a(QuadDec_1_Cnt16.o)
                0x000018ac                QuadDec_1_Cnt16_Start
 .text.USBFS_1_Dp_ClearInterrupt
                0x000018c8       0x10 .\CortexM3\ARM_GCC_493\Debug\n00b.a(USBFS_1_Dp.o)
                0x000018c8                USBFS_1_Dp_ClearInterrupt
 .text.CyHalt   0x000018d8        0x4 .\CortexM3\ARM_GCC_493\Debug\n00b.a(CyLib.o)
                0x000018d8                CyHalt
 .text.CyDelayUs
                0x000018dc       0x14 .\CortexM3\ARM_GCC_493\Debug\n00b.a(CyLib.o)
                0x000018dc                CyDelayUs
 .text.CyIntSetVector
                0x000018f0       0x28 .\CortexM3\ARM_GCC_493\Debug\n00b.a(CyLib.o)
                0x000018f0                CyIntSetVector
 .text.CyIntSetPriority
                0x00001918       0x30 .\CortexM3\ARM_GCC_493\Debug\n00b.a(CyLib.o)
                0x00001918                CyIntSetPriority
 .text          0x00001948       0x20 .\CortexM3\ARM_GCC_493\Debug\n00b.a(CyBootAsmGnu.o)
                0x00001948                CyDelayCycles
                0x00001958                CyEnterCriticalSection
                0x00001960                CyExitCriticalSection
 .text.USBFS_1_DispatchClassRqst
                0x00001968       0x58 .\CortexM3\ARM_GCC_493\Debug\n00b.a(USBFS_1_cls.o)
                0x00001968                USBFS_1_DispatchClassRqst
 .text          0x000019c0      0x370 c:/program files (x86)/cypress/psoc creator/4.0/psoc creator/import/gnu/arm/4.9.3/bin/../lib/gcc/arm-none-eabi/4.9.3/armv7-m\libgcc.a(_arm_addsubdf3.o)
                0x000019c0                __aeabi_drsub
                0x000019c8                __aeabi_dsub
                0x000019c8                __subdf3
                0x000019cc                __aeabi_dadd
                0x000019cc                __adddf3
                0x00001c44                __floatunsidf
                0x00001c44                __aeabi_ui2d
                0x00001c64                __floatsidf
                0x00001c64                __aeabi_i2d
                0x00001c88                __aeabi_f2d
                0x00001c88                __extendsfdf2
                0x00001cc4                __floatundidf
                0x00001cc4                __aeabi_ul2d
                0x00001cd4                __floatdidf
                0x00001cd4                __aeabi_l2d
 .text          0x00001d30      0x110 c:/program files (x86)/cypress/psoc creator/4.0/psoc creator/import/gnu/arm/4.9.3/bin/../lib/gcc/arm-none-eabi/4.9.3/armv7-m\libgcc.a(_arm_cmpdf2.o)
                0x00001d30                __gtdf2
                0x00001d30                __gedf2
                0x00001d38                __ltdf2
                0x00001d38                __ledf2
                0x00001d40                __nedf2
                0x00001d40                __eqdf2
                0x00001d40                __cmpdf2
                0x00001dbc                __aeabi_cdrcmple
                0x00001dcc                __aeabi_cdcmpeq
                0x00001dcc                __aeabi_cdcmple
                0x00001ddc                __aeabi_dcmpeq
                0x00001df0                __aeabi_dcmplt
                0x00001e04                __aeabi_dcmple
                0x00001e18                __aeabi_dcmpge
                0x00001e2c                __aeabi_dcmpgt
 .text          0x00001e40      0x21c c:/program files (x86)/cypress/psoc creator/4.0/psoc creator/import/gnu/arm/4.9.3/bin/../lib/gcc/arm-none-eabi/4.9.3/armv7-m\libgcc.a(_arm_addsubsf3.o)
                0x00001e40                __aeabi_frsub
                0x00001e48                __subsf3
                0x00001e48                __aeabi_fsub
                0x00001e4c                __aeabi_fadd
                0x00001e4c                __addsf3
                0x00001fac                __aeabi_ui2f
                0x00001fac                __floatunsisf
                0x00001fb4                __aeabi_i2f
                0x00001fb4                __floatsisf
                0x00001fd0                __aeabi_ul2f
                0x00001fd0                __floatundisf
                0x00001fe0                __aeabi_l2f
                0x00001fe0                __floatdisf
 .text          0x0000205c      0x2a0 c:/program files (x86)/cypress/psoc creator/4.0/psoc creator/import/gnu/arm/4.9.3/bin/../lib/gcc/arm-none-eabi/4.9.3/armv7-m\libgcc.a(_arm_muldivsf3.o)
                0x0000205c                __mulsf3
                0x0000205c                __aeabi_fmul
                0x000021c4                __aeabi_fdiv
                0x000021c4                __divsf3
 .text.__errno  0x000022fc        0xc c:/program files (x86)/cypress/psoc creator/4.0/psoc creator/import/gnu/arm/4.9.3/bin/../lib/gcc/arm-none-eabi/4.9.3/../../../../arm-none-eabi/lib/armv7-m\libg_nano.a(lib_a-errno.o)
                0x000022fc                __errno
 .text.__libc_init_array
                0x00002308       0x4c c:/program files (x86)/cypress/psoc creator/4.0/psoc creator/import/gnu/arm/4.9.3/bin/../lib/gcc/arm-none-eabi/4.9.3/../../../../arm-none-eabi/lib/armv7-m\libg_nano.a(lib_a-init.o)
                0x00002308                __libc_init_array
 .text.memcpy   0x00002354       0x16 c:/program files (x86)/cypress/psoc creator/4.0/psoc creator/import/gnu/arm/4.9.3/bin/../lib/gcc/arm-none-eabi/4.9.3/../../../../arm-none-eabi/lib/armv7-m\libg_nano.a(lib_a-memcpy.o)
                0x00002354                memcpy
 .text.memset   0x0000236a       0x10 c:/program files (x86)/cypress/psoc creator/4.0/psoc creator/import/gnu/arm/4.9.3/bin/../lib/gcc/arm-none-eabi/4.9.3/../../../../arm-none-eabi/lib/armv7-m\libg_nano.a(lib_a-memset.o)
                0x0000236a                memset
 *(.plt)
 *(.gnu.warning)
 *(.glue_7t)
 .glue_7t       0x00000000        0x0 linker stubs
 *(.glue_7)
 .glue_7        0x00000000        0x0 linker stubs
 *(.vfp11_veneer)
 .vfp11_veneer  0x00000000        0x0 linker stubs
 *(.bootloader)
 *(.ARM.extab* .gnu.linkonce.armextab.*)
 *(.gcc_except_table)

.v4_bx          0x0000237c        0x0
 .v4_bx         0x00000000        0x0 linker stubs

.iplt           0x0000237c        0x0
 .iplt          0x00000000        0x0 c:/program files (x86)/cypress/psoc creator/4.0/psoc creator/import/gnu/arm/4.9.3/bin/../lib/gcc/arm-none-eabi/4.9.3/armv7-m/crtbegin.o

.eh_frame_hdr
 *(.eh_frame_hdr)

.eh_frame       0x0000237c        0x4
 *(.eh_frame)
 .eh_frame      0x0000237c        0x0 c:/program files (x86)/cypress/psoc creator/4.0/psoc creator/import/gnu/arm/4.9.3/bin/../lib/gcc/arm-none-eabi/4.9.3/armv7-m/crtbegin.o
 .eh_frame      0x0000237c        0x4 c:/program files (x86)/cypress/psoc creator/4.0/psoc creator/import/gnu/arm/4.9.3/bin/../lib/gcc/arm-none-eabi/4.9.3/armv7-m/crtend.o
                0x00002380                PROVIDE (__exidx_start, .)

.ARM.exidx
 *(.ARM.exidx* .gnu.linkonce.armexidx.*)
                0x00002380                __exidx_end = .

.rodata         0x00002380      0x180
 *(.rodata .rodata.* .gnu.linkonce.r.*)
 .rodata        0x00002380       0x30 .\CortexM3\ARM_GCC_493\Debug\n00b.a(cyfitter_cfg.o)
 .rodata        0x000023b0      0x118 .\CortexM3\ARM_GCC_493\Debug\n00b.a(USBFS_1_descr.o)
                0x000023b0                USBFS_1_TABLE
                0x000023b8                USBFS_1_DEVICE0_TABLE
                0x000023d0                USBFS_1_DEVICE0_CONFIGURATION0_TABLE
                0x000023f0                USBFS_1_DEVICE0_CONFIGURATION0_INTERFACE_CLASS
                0x000023f4                USBFS_1_DEVICE0_CONFIGURATION0_EP_SETTINGS_TABLE
                0x000023fc                USBFS_1_DEVICE0_CONFIGURATION0_INTERFACE0_TABLE
                0x00002404                USBFS_1_DEVICE0_CONFIGURATION0_INTERFACE0_ALTERNATE0_HID_TABLE
                0x0000242c                USBFS_1_DEVICE0_CONFIGURATION0_INTERFACE0_ALTERNATE0_HID_IN_RPT_TABLE
                0x00002438                USBFS_1_HIDREPORT_DESCRIPTOR1
                0x00002470                USBFS_1_STRING_DESCRIPTORS
                0x00002490                USBFS_1_DEVICE0_CONFIGURATION0_DESCR
                0x000024b4                USBFS_1_DEVICE0_DESCR
 .rodata.str1.1
                0x000024c8        0x2 c:/program files (x86)/cypress/psoc creator/4.0/psoc creator/import/gnu/arm/4.9.3/bin/../lib/gcc/arm-none-eabi/4.9.3/../../../../arm-none-eabi/lib/armv7-m\libg_nano.a(lib_a-impure.o)
                0x000024cc                . = ALIGN (0x4)
 *fill*         0x000024ca        0x2 
 *(.init)
 .init          0x000024cc        0x4 c:/program files (x86)/cypress/psoc creator/4.0/psoc creator/import/gnu/arm/4.9.3/bin/../lib/gcc/arm-none-eabi/4.9.3/armv7-m/crti.o
                0x000024cc                _init
 .init          0x000024d0        0x8 c:/program files (x86)/cypress/psoc creator/4.0/psoc creator/import/gnu/arm/4.9.3/bin/../lib/gcc/arm-none-eabi/4.9.3/armv7-m/crtn.o
                0x000024d8                . = ALIGN (0x4)
                0x000024d8                __preinit_array_start = .
 *(.preinit_array)
                0x000024d8                __preinit_array_end = .
                0x000024d8                . = ALIGN (0x4)
                0x000024d8                __init_array_start = .
 *(SORT(.init_array.*))
 *(.init_array)
 .init_array    0x000024d8        0x4 c:/program files (x86)/cypress/psoc creator/4.0/psoc creator/import/gnu/arm/4.9.3/bin/../lib/gcc/arm-none-eabi/4.9.3/armv7-m/crtbegin.o
 .init_array    0x000024dc        0x4 .\CortexM3\ARM_GCC_493\Debug\Cm3Start.o
                0x000024e0                __init_array_end = .
                0x000024e0                . = ALIGN (0x4)
 *(.fini)
 .fini          0x000024e0        0x4 c:/program files (x86)/cypress/psoc creator/4.0/psoc creator/import/gnu/arm/4.9.3/bin/../lib/gcc/arm-none-eabi/4.9.3/armv7-m/crti.o
                0x000024e0                _fini
 .fini          0x000024e4        0x8 c:/program files (x86)/cypress/psoc creator/4.0/psoc creator/import/gnu/arm/4.9.3/bin/../lib/gcc/arm-none-eabi/4.9.3/armv7-m/crtn.o
                0x000024ec                . = ALIGN (0x4)
                0x000024ec                __fini_array_start = .
 *(.fini_array)
 .fini_array    0x000024ec        0x4 c:/program files (x86)/cypress/psoc creator/4.0/psoc creator/import/gnu/arm/4.9.3/bin/../lib/gcc/arm-none-eabi/4.9.3/armv7-m/crtbegin.o
 *(SORT(.fini_array.*))
                0x000024f0                __fini_array_end = .
                0x000024f0                . = ALIGN (0x4)
 *crtbegin.o(.ctors)
 *(EXCLUDE_FILE(*crtend.o) .ctors)
 *(SORT(.ctors.*))
 *crtend.o(.ctors)
                0x000024f0                . = ALIGN (0x4)
 *crtbegin.o(.dtors)
 *(EXCLUDE_FILE(*crtend.o) .dtors)
 *(SORT(.dtors.*))
 *crtend.o(.dtors)
                0x000024f0                . = ALIGN (0x4)
                0x000024f0                __cy_regions = .
                0x000024f0        0x4 LONG 0x2500 __cy_region_init_ram
                0x000024f4        0x4 LONG 0x1fff8108 __cy_region_start_data
                0x000024f8        0x4 LONG 0x78 __cy_region_init_size_ram
                0x000024fc        0x4 LONG 0xf0 __cy_region_zero_size_ram
                0x00002500                __cy_regions_end = .
                0x00002500                . = ALIGN (0x8)
                0x00002500                _etext = .

.cy_checksum_exclude
                0x00002500        0x0
 *(.cy_checksum_exclude)

.ramvectors     0x1fff8000      0x100
                0x1fff8000                __cy_region_start_ram = .
 *(.ramvectors)
 .ramvectors    0x1fff8000      0x100 .\CortexM3\ARM_GCC_493\Debug\Cm3Start.o
                0x1fff8000                CyRamVectors

.noinit         0x1fff8100        0x5
 *(.noinit)
 .noinit        0x1fff8100        0x4 .\CortexM3\ARM_GCC_493\Debug\Cm3Start.o
 .noinit        0x1fff8104        0x1 .\CortexM3\ARM_GCC_493\Debug\n00b.a(CyLib.o)
                0x1fff8104                CyResetStatus

.data           0x1fff8108       0x78 load address 0x00002500
                0x1fff8108                __cy_region_start_data = .
 *(.jcr)
 .jcr           0x1fff8108        0x0 c:/program files (x86)/cypress/psoc creator/4.0/psoc creator/import/gnu/arm/4.9.3/bin/../lib/gcc/arm-none-eabi/4.9.3/armv7-m/crtbegin.o
 .jcr           0x1fff8108        0x4 c:/program files (x86)/cypress/psoc creator/4.0/psoc creator/import/gnu/arm/4.9.3/bin/../lib/gcc/arm-none-eabi/4.9.3/armv7-m/crtend.o
 *(.got.plt)
 *(.got)
 *(.shdata)
 *(.data .data.* .gnu.linkonce.d.*)
 .data          0x1fff810c       0x10 .\CortexM3\ARM_GCC_493\Debug\n00b.a(CyLib.o)
                0x1fff810c                cydelay_32k_ms
                0x1fff8110                cydelay_freq_khz
                0x1fff8114                cydelay_freq_mhz
                0x1fff8118                cydelay_freq_hz
 .data.impure_data
                0x1fff811c       0x60 c:/program files (x86)/cypress/psoc creator/4.0/psoc creator/import/gnu/arm/4.9.3/bin/../lib/gcc/arm-none-eabi/4.9.3/../../../../arm-none-eabi/lib/armv7-m\libg_nano.a(lib_a-impure.o)
 .data._impure_ptr
                0x1fff817c        0x4 c:/program files (x86)/cypress/psoc creator/4.0/psoc creator/import/gnu/arm/4.9.3/bin/../lib/gcc/arm-none-eabi/4.9.3/../../../../arm-none-eabi/lib/armv7-m\libg_nano.a(lib_a-impure.o)
                0x1fff817c                _impure_ptr
                0x1fff8180                . = ALIGN (0x8)
 *(.ram)
                0x1fff8180                _edata = .

.igot.plt       0x1fff8180        0x0 load address 0x00002578
 .igot.plt      0x00000000        0x0 c:/program files (x86)/cypress/psoc creator/4.0/psoc creator/import/gnu/arm/4.9.3/bin/../lib/gcc/arm-none-eabi/4.9.3/armv7-m/crtbegin.o

.bss            0x1fff8180       0xf0 load address 0x00002578
                0x1fff8180                PROVIDE (__bss_start__, .)
 *(.shbss)
 *(.bss .bss.* .gnu.linkonce.b.*)
 .bss           0x1fff8180       0x1c c:/program files (x86)/cypress/psoc creator/4.0/psoc creator/import/gnu/arm/4.9.3/bin/../lib/gcc/arm-none-eabi/4.9.3/armv7-m/crtbegin.o
 .bss           0x1fff819c       0x10 .\CortexM3\ARM_GCC_493\Debug\main.o
 .bss           0x1fff81ac        0x1 .\CortexM3\ARM_GCC_493\Debug\n00b.a(QuadDec_1.o)
                0x1fff81ac                QuadDec_1_initVar
 *fill*         0x1fff81ad        0x3 
 .bss           0x1fff81b0        0x4 .\CortexM3\ARM_GCC_493\Debug\n00b.a(QuadDec_1_INT.o)
                0x1fff81b0                QuadDec_1_count32SoftPart
 .bss           0x1fff81b4        0x1 .\CortexM3\ARM_GCC_493\Debug\n00b.a(USBFS_1.o)
                0x1fff81b4                USBFS_1_initVar
 *fill*         0x1fff81b5        0x3 
 .bss           0x1fff81b8        0x4 .\CortexM3\ARM_GCC_493\Debug\n00b.a(USBFS_1_std.o)
 .bss           0x1fff81bc        0x1 .\CortexM3\ARM_GCC_493\Debug\n00b.a(QuadDec_1_Cnt16.o)
                0x1fff81bc                QuadDec_1_Cnt16_initVar
 *(COMMON)
 *fill*         0x1fff81bd        0x3 
 COMMON         0x1fff81c0       0x96 .\CortexM3\ARM_GCC_493\Debug\n00b.a(USBFS_1_drv.o)
                0x1fff81c0                USBFS_1_lastPacketSize
                0x1fff81c2                USBFS_1_transferByteCount
                0x1fff81c4                USBFS_1_interfaceSetting
                0x1fff81c8                USBFS_1_interfaceClass
                0x1fff81cc                USBFS_1_device
                0x1fff81cd                USBFS_1_deviceAddress
                0x1fff81ce                USBFS_1_ep0Count
                0x1fff81cf                USBFS_1_ep0Mode
                0x1fff81d0                USBFS_1_currentTD
                0x1fff81dc                USBFS_1_configuration
                0x1fff81e0                USBFS_1_interfaceSettingLast
                0x1fff81e1                USBFS_1_interfaceNumber
                0x1fff81e2                USBFS_1_configurationChanged
                0x1fff81e3                USBFS_1_transferState
                0x1fff81e4                USBFS_1_EP
                0x1fff8250                USBFS_1_ep0Toggle
                0x1fff8254                USBFS_1_interfaceStatus
                0x1fff8255                USBFS_1_deviceStatus
 *fill*         0x1fff8256        0x2 
 COMMON         0x1fff8258        0x9 .\CortexM3\ARM_GCC_493\Debug\n00b.a(USBFS_1_hid.o)
                0x1fff8258                USBFS_1_hidIdleTimer
                0x1fff825c                USBFS_1_hidIdleRate
                0x1fff8260                USBFS_1_hidProtocol
 *fill*         0x1fff8261        0x3 
 COMMON         0x1fff8264        0x8 .\CortexM3\ARM_GCC_493\Debug\n00b.a(USBFS_1_descr.o)
                0x1fff8264                USBFS_1_DEVICE0_CONFIGURATION0_INTERFACE0_ALTERNATE0_HID_IN_RPT_SCB
                0x1fff8268                USBFS_1_DEVICE0_CONFIGURATION0_INTERFACE0_ALTERNATE0_HID_IN_BUF
                0x1fff8270                . = ALIGN (0x8)
 *fill*         0x1fff826c        0x4 
 *(.ram.b)
                0x1fff8270                _end = .
                0x1fff8270                __end = .
                0x1fff8270                PROVIDE (end, .)
                0x1fff8270                PROVIDE (__bss_end__, .)
                0x00002500                __cy_region_init_ram = LOADADDR (.data)
                0x00000078                __cy_region_init_size_ram = (_edata - ADDR (.data))
                0x000000f0                __cy_region_zero_size_ram = (_end - _edata)

.heap           0x1fff8270       0x80 load address 0x00002578
                0x1fff8270                . = _end
                0x1fff82f0                . = (. + 0x80)
 *fill*         0x1fff8270       0x80 
                0x1fff82f0                __cy_heap_limit = .

.stack          0x20007800      0x800
                0x20007800                __cy_stack_limit = .
                0x20008000                . = (. + 0x800)
 *fill*         0x20007800      0x800 
                0x00000001                ASSERT ((__cy_stack_limit >= __cy_heap_limit), region RAM overflowed with stack)
                0x00000000                cy_checksum_exclude_size = (CY_APPL_LOADABLE == 0x1)?SIZEOF (.cy_checksum_exclude):0x0
                0x00000001                ASSERT ((cy_checksum_exclude_size <= CY_CHECKSUM_EXCLUDE_SIZE), CY_BOOT: Section .cy_checksum_exclude size exceedes specified limit.)

.cyloadermeta
 *(.cyloadermeta)

.cyloadablemeta
 *(.cyloadablemeta)

.cyconfigecc    0x80000000      0x3b0
 *(.cyconfigecc)
 .cyconfigecc   0x80000000      0x3b0 .\CortexM3\ARM_GCC_493\Debug\cymetadata.o
                0x80000000                cy_meta_configecc

.cycustnvl      0x90000000        0x4
 *(.cycustnvl)
 .cycustnvl     0x90000000        0x4 .\CortexM3\ARM_GCC_493\Debug\cymetadata.o
                0x90000000                cy_meta_custnvl

.cywolatch      0x90100000        0x4
 *(.cywolatch)
 .cywolatch     0x90100000        0x4 .\CortexM3\ARM_GCC_493\Debug\cymetadata.o
                0x90100000                cy_meta_wonvl

.cyeeprom       0x90200000        0x0
 *(.cyeeprom)
                0x00000001                ASSERT ((. <= ((0x90200000 + ee_offset) + ee_size)), .cyeeprom data will not fit in EEPROM)

.cyflashprotect
                0x90400000      0x100
 *(.cyflashprotect)
 .cyflashprotect
                0x90400000      0x100 .\CortexM3\ARM_GCC_493\Debug\cymetadata.o
                0x90400000                cy_meta_flashprotect

.cymeta         0x90500000        0xc
 *(.cymeta)
 .cymeta        0x90500000        0xc .\CortexM3\ARM_GCC_493\Debug\cymetadata.o
                0x90500000                cy_metadata

.rel.dyn        0x00002578        0x0 load address 0x9050000c
 .rel.iplt      0x00000000        0x0 c:/program files (x86)/cypress/psoc creator/4.0/psoc creator/import/gnu/arm/4.9.3/bin/../lib/gcc/arm-none-eabi/4.9.3/armv7-m/crtbegin.o

.stab
 *(.stab)

.stabstr
 *(.stabstr)

.debug
 *(.debug)

.line
 *(.line)

.debug_srcinfo
 *(.debug_srcinfo)

.debug_sfnames
 *(.debug_sfnames)

.debug_aranges  0x00000000      0x968
 *(.debug_aranges)
 .debug_aranges
                0x00000000       0x20 .\CortexM3\ARM_GCC_493\Debug\main.o
 .debug_aranges
                0x00000020       0x18 .\CortexM3\ARM_GCC_493\Debug\cymetadata.o
 .debug_aranges
                0x00000038       0x48 .\CortexM3\ARM_GCC_493\Debug\Cm3Start.o
 .debug_aranges
                0x00000080       0x58 .\CortexM3\ARM_GCC_493\Debug\n00b.a(cyfitter_cfg.o)
 .debug_aranges
                0x000000d8       0x60 .\CortexM3\ARM_GCC_493\Debug\n00b.a(QuadDec_1.o)
 .debug_aranges
                0x00000138       0x20 .\CortexM3\ARM_GCC_493\Debug\n00b.a(QuadDec_1_INT.o)
 .debug_aranges
                0x00000158       0xc8 .\CortexM3\ARM_GCC_493\Debug\n00b.a(USBFS_1.o)
 .debug_aranges
                0x00000220       0x98 .\CortexM3\ARM_GCC_493\Debug\n00b.a(USBFS_1_drv.o)
 .debug_aranges
                0x000002b8       0x28 .\CortexM3\ARM_GCC_493\Debug\n00b.a(USBFS_1_episr.o)
 .debug_aranges
                0x000002e0       0x48 .\CortexM3\ARM_GCC_493\Debug\n00b.a(USBFS_1_hid.o)
 .debug_aranges
                0x00000328       0x40 .\CortexM3\ARM_GCC_493\Debug\n00b.a(USBFS_1_pm.o)
 .debug_aranges
                0x00000368       0x78 .\CortexM3\ARM_GCC_493\Debug\n00b.a(USBFS_1_std.o)
 .debug_aranges
                0x000003e0       0x20 .\CortexM3\ARM_GCC_493\Debug\n00b.a(USBFS_1_vnd.o)
 .debug_aranges
                0x00000400       0x98 .\CortexM3\ARM_GCC_493\Debug\n00b.a(QuadDec_1_Cnt16.o)
 .debug_aranges
                0x00000498       0x48 .\CortexM3\ARM_GCC_493\Debug\n00b.a(USBFS_1_Dp.o)
 .debug_aranges
                0x000004e0      0x2a0 .\CortexM3\ARM_GCC_493\Debug\n00b.a(CyLib.o)
 .debug_aranges
                0x00000780       0x98 .\CortexM3\ARM_GCC_493\Debug\n00b.a(cyPm.o)
 .debug_aranges
                0x00000818       0x20 .\CortexM3\ARM_GCC_493\Debug\n00b.a(CyBootAsmGnu.o)
 .debug_aranges
                0x00000838       0x20 .\CortexM3\ARM_GCC_493\Debug\n00b.a(USBFS_1_cls.o)
 .debug_aranges
                0x00000858       0x18 .\CortexM3\ARM_GCC_493\Debug\n00b.a(USBFS_1_descr.o)
 .debug_aranges
                0x00000870       0x80 .\CortexM3\ARM_GCC_493\Debug\n00b.a(CyFlash.o)
 .debug_aranges
                0x000008f0       0x78 .\CortexM3\ARM_GCC_493\Debug\n00b.a(CySpc.o)

.debug_pubnames
 *(.debug_pubnames)

.debug_info     0x00000000     0x67d1
 *(.debug_info .gnu.linkonce.wi.*)
 .debug_info    0x00000000      0x29e .\CortexM3\ARM_GCC_493\Debug\main.o
 .debug_info    0x0000029e      0x13b .\CortexM3\ARM_GCC_493\Debug\cymetadata.o
 .debug_info    0x000003d9      0x3b3 .\CortexM3\ARM_GCC_493\Debug\Cm3Start.o
 .debug_info    0x0000078c      0x4ae .\CortexM3\ARM_GCC_493\Debug\n00b.a(cyfitter_cfg.o)
 .debug_info    0x00000c3a      0x381 .\CortexM3\ARM_GCC_493\Debug\n00b.a(QuadDec_1.o)
 .debug_info    0x00000fbb       0xec .\CortexM3\ARM_GCC_493\Debug\n00b.a(QuadDec_1_INT.o)
 .debug_info    0x000010a7      0x975 .\CortexM3\ARM_GCC_493\Debug\n00b.a(USBFS_1.o)
 .debug_info    0x00001a1c      0x649 .\CortexM3\ARM_GCC_493\Debug\n00b.a(USBFS_1_drv.o)
 .debug_info    0x00002065      0x210 .\CortexM3\ARM_GCC_493\Debug\n00b.a(USBFS_1_episr.o)
 .debug_info    0x00002275      0x43e .\CortexM3\ARM_GCC_493\Debug\n00b.a(USBFS_1_hid.o)
 .debug_info    0x000026b3      0x2ef .\CortexM3\ARM_GCC_493\Debug\n00b.a(USBFS_1_pm.o)
 .debug_info    0x000029a2      0x9e1 .\CortexM3\ARM_GCC_493\Debug\n00b.a(USBFS_1_std.o)
 .debug_info    0x00003383       0xe6 .\CortexM3\ARM_GCC_493\Debug\n00b.a(USBFS_1_vnd.o)
 .debug_info    0x00003469      0x343 .\CortexM3\ARM_GCC_493\Debug\n00b.a(QuadDec_1_Cnt16.o)
 .debug_info    0x000037ac      0x174 .\CortexM3\ARM_GCC_493\Debug\n00b.a(USBFS_1_Dp.o)
 .debug_info    0x00003920     0x1385 .\CortexM3\ARM_GCC_493\Debug\n00b.a(CyLib.o)
 .debug_info    0x00004ca5      0xa57 .\CortexM3\ARM_GCC_493\Debug\n00b.a(cyPm.o)
 .debug_info    0x000056fc       0x8d .\CortexM3\ARM_GCC_493\Debug\n00b.a(CyBootAsmGnu.o)
 .debug_info    0x00005789      0x1d2 .\CortexM3\ARM_GCC_493\Debug\n00b.a(USBFS_1_cls.o)
 .debug_info    0x0000595b      0x384 .\CortexM3\ARM_GCC_493\Debug\n00b.a(USBFS_1_descr.o)
 .debug_info    0x00005cdf      0x608 .\CortexM3\ARM_GCC_493\Debug\n00b.a(CyFlash.o)
 .debug_info    0x000062e7      0x4ea .\CortexM3\ARM_GCC_493\Debug\n00b.a(CySpc.o)

.debug_abbrev   0x00000000     0x1d89
 *(.debug_abbrev)
 .debug_abbrev  0x00000000      0x181 .\CortexM3\ARM_GCC_493\Debug\main.o
 .debug_abbrev  0x00000181       0x66 .\CortexM3\ARM_GCC_493\Debug\cymetadata.o
 .debug_abbrev  0x000001e7      0x1f7 .\CortexM3\ARM_GCC_493\Debug\Cm3Start.o
 .debug_abbrev  0x000003de      0x203 .\CortexM3\ARM_GCC_493\Debug\n00b.a(cyfitter_cfg.o)
 .debug_abbrev  0x000005e1      0x17a .\CortexM3\ARM_GCC_493\Debug\n00b.a(QuadDec_1.o)
 .debug_abbrev  0x0000075b       0x78 .\CortexM3\ARM_GCC_493\Debug\n00b.a(QuadDec_1_INT.o)
 .debug_abbrev  0x000007d3      0x24d .\CortexM3\ARM_GCC_493\Debug\n00b.a(USBFS_1.o)
 .debug_abbrev  0x00000a20      0x18b .\CortexM3\ARM_GCC_493\Debug\n00b.a(USBFS_1_drv.o)
 .debug_abbrev  0x00000bab      0x103 .\CortexM3\ARM_GCC_493\Debug\n00b.a(USBFS_1_episr.o)
 .debug_abbrev  0x00000cae      0x18b .\CortexM3\ARM_GCC_493\Debug\n00b.a(USBFS_1_hid.o)
 .debug_abbrev  0x00000e39      0x146 .\CortexM3\ARM_GCC_493\Debug\n00b.a(USBFS_1_pm.o)
 .debug_abbrev  0x00000f7f      0x1dc .\CortexM3\ARM_GCC_493\Debug\n00b.a(USBFS_1_std.o)
 .debug_abbrev  0x0000115b       0x9b .\CortexM3\ARM_GCC_493\Debug\n00b.a(USBFS_1_vnd.o)
 .debug_abbrev  0x000011f6      0x131 .\CortexM3\ARM_GCC_493\Debug\n00b.a(QuadDec_1_Cnt16.o)
 .debug_abbrev  0x00001327       0x90 .\CortexM3\ARM_GCC_493\Debug\n00b.a(USBFS_1_Dp.o)
 .debug_abbrev  0x000013b7      0x296 .\CortexM3\ARM_GCC_493\Debug\n00b.a(CyLib.o)
 .debug_abbrev  0x0000164d      0x1ed .\CortexM3\ARM_GCC_493\Debug\n00b.a(cyPm.o)
 .debug_abbrev  0x0000183a       0x14 .\CortexM3\ARM_GCC_493\Debug\n00b.a(CyBootAsmGnu.o)
 .debug_abbrev  0x0000184e       0xe3 .\CortexM3\ARM_GCC_493\Debug\n00b.a(USBFS_1_cls.o)
 .debug_abbrev  0x00001931       0xaa .\CortexM3\ARM_GCC_493\Debug\n00b.a(USBFS_1_descr.o)
 .debug_abbrev  0x000019db      0x1ed .\CortexM3\ARM_GCC_493\Debug\n00b.a(CyFlash.o)
 .debug_abbrev  0x00001bc8      0x1c1 .\CortexM3\ARM_GCC_493\Debug\n00b.a(CySpc.o)

.debug_line     0x00000000     0x26fd
 *(.debug_line)
 .debug_line    0x00000000      0x1ac .\CortexM3\ARM_GCC_493\Debug\main.o
 .debug_line    0x000001ac       0x51 .\CortexM3\ARM_GCC_493\Debug\cymetadata.o
 .debug_line    0x000001fd      0x24f .\CortexM3\ARM_GCC_493\Debug\Cm3Start.o
 .debug_line    0x0000044c      0x1da .\CortexM3\ARM_GCC_493\Debug\n00b.a(cyfitter_cfg.o)
 .debug_line    0x00000626      0x13d .\CortexM3\ARM_GCC_493\Debug\n00b.a(QuadDec_1.o)
 .debug_line    0x00000763       0x6c .\CortexM3\ARM_GCC_493\Debug\n00b.a(QuadDec_1_INT.o)
 .debug_line    0x000007cf      0x2f0 .\CortexM3\ARM_GCC_493\Debug\n00b.a(USBFS_1.o)
 .debug_line    0x00000abf      0x221 .\CortexM3\ARM_GCC_493\Debug\n00b.a(USBFS_1_drv.o)
 .debug_line    0x00000ce0       0x9f .\CortexM3\ARM_GCC_493\Debug\n00b.a(USBFS_1_episr.o)
 .debug_line    0x00000d7f      0x14f .\CortexM3\ARM_GCC_493\Debug\n00b.a(USBFS_1_hid.o)
 .debug_line    0x00000ece      0x10e .\CortexM3\ARM_GCC_493\Debug\n00b.a(USBFS_1_pm.o)
 .debug_line    0x00000fdc      0x36d .\CortexM3\ARM_GCC_493\Debug\n00b.a(USBFS_1_std.o)
 .debug_line    0x00001349       0x73 .\CortexM3\ARM_GCC_493\Debug\n00b.a(USBFS_1_vnd.o)
 .debug_line    0x000013bc      0x18f .\CortexM3\ARM_GCC_493\Debug\n00b.a(QuadDec_1_Cnt16.o)
 .debug_line    0x0000154b       0xbb .\CortexM3\ARM_GCC_493\Debug\n00b.a(USBFS_1_Dp.o)
 .debug_line    0x00001606      0x816 .\CortexM3\ARM_GCC_493\Debug\n00b.a(CyLib.o)
 .debug_line    0x00001e1c      0x364 .\CortexM3\ARM_GCC_493\Debug\n00b.a(cyPm.o)
 .debug_line    0x00002180       0x66 .\CortexM3\ARM_GCC_493\Debug\n00b.a(CyBootAsmGnu.o)
 .debug_line    0x000021e6       0x90 .\CortexM3\ARM_GCC_493\Debug\n00b.a(USBFS_1_cls.o)
 .debug_line    0x00002276       0x61 .\CortexM3\ARM_GCC_493\Debug\n00b.a(USBFS_1_descr.o)
 .debug_line    0x000022d7      0x1ea .\CortexM3\ARM_GCC_493\Debug\n00b.a(CyFlash.o)
 .debug_line    0x000024c1      0x23c .\CortexM3\ARM_GCC_493\Debug\n00b.a(CySpc.o)

.debug_frame    0x00000000     0x17c0
 *(.debug_frame)
 .debug_frame   0x00000000       0x30 .\CortexM3\ARM_GCC_493\Debug\main.o
 .debug_frame   0x00000030       0xb8 .\CortexM3\ARM_GCC_493\Debug\Cm3Start.o
 .debug_frame   0x000000e8       0xe0 .\CortexM3\ARM_GCC_493\Debug\n00b.a(cyfitter_cfg.o)
 .debug_frame   0x000001c8       0xec .\CortexM3\ARM_GCC_493\Debug\n00b.a(QuadDec_1.o)
 .debug_frame   0x000002b4       0x20 .\CortexM3\ARM_GCC_493\Debug\n00b.a(QuadDec_1_INT.o)
 .debug_frame   0x000002d4      0x1dc .\CortexM3\ARM_GCC_493\Debug\n00b.a(USBFS_1.o)
 .debug_frame   0x000004b0      0x194 .\CortexM3\ARM_GCC_493\Debug\n00b.a(USBFS_1_drv.o)
 .debug_frame   0x00000644       0x3c .\CortexM3\ARM_GCC_493\Debug\n00b.a(USBFS_1_episr.o)
 .debug_frame   0x00000680       0xa0 .\CortexM3\ARM_GCC_493\Debug\n00b.a(USBFS_1_hid.o)
 .debug_frame   0x00000720       0xa0 .\CortexM3\ARM_GCC_493\Debug\n00b.a(USBFS_1_pm.o)
 .debug_frame   0x000007c0      0x150 .\CortexM3\ARM_GCC_493\Debug\n00b.a(USBFS_1_std.o)
 .debug_frame   0x00000910       0x20 .\CortexM3\ARM_GCC_493\Debug\n00b.a(USBFS_1_vnd.o)
 .debug_frame   0x00000930      0x134 .\CortexM3\ARM_GCC_493\Debug\n00b.a(QuadDec_1_Cnt16.o)
 .debug_frame   0x00000a64       0x70 .\CortexM3\ARM_GCC_493\Debug\n00b.a(USBFS_1_Dp.o)
 .debug_frame   0x00000ad4      0x738 .\CortexM3\ARM_GCC_493\Debug\n00b.a(CyLib.o)
 .debug_frame   0x0000120c      0x1f8 .\CortexM3\ARM_GCC_493\Debug\n00b.a(cyPm.o)
 .debug_frame   0x00001404       0x2c .\CortexM3\ARM_GCC_493\Debug\n00b.a(USBFS_1_cls.o)
 .debug_frame   0x00001430      0x174 .\CortexM3\ARM_GCC_493\Debug\n00b.a(CyFlash.o)
 .debug_frame   0x000015a4      0x160 .\CortexM3\ARM_GCC_493\Debug\n00b.a(CySpc.o)
 .debug_frame   0x00001704       0x20 c:/program files (x86)/cypress/psoc creator/4.0/psoc creator/import/gnu/arm/4.9.3/bin/../lib/gcc/arm-none-eabi/4.9.3/../../../../arm-none-eabi/lib/armv7-m\libg_nano.a(lib_a-errno.o)
 .debug_frame   0x00001724       0x28 c:/program files (x86)/cypress/psoc creator/4.0/psoc creator/import/gnu/arm/4.9.3/bin/../lib/gcc/arm-none-eabi/4.9.3/../../../../arm-none-eabi/lib/armv7-m\libg_nano.a(lib_a-exit.o)
 .debug_frame   0x0000174c       0x2c c:/program files (x86)/cypress/psoc creator/4.0/psoc creator/import/gnu/arm/4.9.3/bin/../lib/gcc/arm-none-eabi/4.9.3/../../../../arm-none-eabi/lib/armv7-m\libg_nano.a(lib_a-init.o)
 .debug_frame   0x00001778       0x28 c:/program files (x86)/cypress/psoc creator/4.0/psoc creator/import/gnu/arm/4.9.3/bin/../lib/gcc/arm-none-eabi/4.9.3/../../../../arm-none-eabi/lib/armv7-m\libg_nano.a(lib_a-memcpy.o)
 .debug_frame   0x000017a0       0x20 c:/program files (x86)/cypress/psoc creator/4.0/psoc creator/import/gnu/arm/4.9.3/bin/../lib/gcc/arm-none-eabi/4.9.3/../../../../arm-none-eabi/lib/armv7-m\libg_nano.a(lib_a-memset.o)

.debug_str      0x00000000     0x25c0
 *(.debug_str)
 .debug_str     0x00000000      0x216 .\CortexM3\ARM_GCC_493\Debug\main.o
                                0x26f (size before relaxing)
 .debug_str     0x00000216       0x75 .\CortexM3\ARM_GCC_493\Debug\cymetadata.o
                                0x1e7 (size before relaxing)
 .debug_str     0x0000028b      0x164 .\CortexM3\ARM_GCC_493\Debug\Cm3Start.o
                                0x2fb (size before relaxing)
 .debug_str     0x000003ef      0x154 .\CortexM3\ARM_GCC_493\Debug\n00b.a(cyfitter_cfg.o)
                                0x300 (size before relaxing)
 .debug_str     0x00000543      0x1b3 .\CortexM3\ARM_GCC_493\Debug\n00b.a(QuadDec_1.o)
                                0x388 (size before relaxing)
 .debug_str     0x000006f6       0x48 .\CortexM3\ARM_GCC_493\Debug\n00b.a(QuadDec_1_INT.o)
                                0x1df (size before relaxing)
 .debug_str     0x0000073e      0x40d .\CortexM3\ARM_GCC_493\Debug\n00b.a(USBFS_1.o)
                                0x67c (size before relaxing)
 .debug_str     0x00000b4b      0x35a .\CortexM3\ARM_GCC_493\Debug\n00b.a(USBFS_1_drv.o)
                                0x639 (size before relaxing)
 .debug_str     0x00000ea5       0x4e .\CortexM3\ARM_GCC_493\Debug\n00b.a(USBFS_1_episr.o)
                                0x29e (size before relaxing)
 .debug_str     0x00000ef3      0x13a .\CortexM3\ARM_GCC_493\Debug\n00b.a(USBFS_1_hid.o)
                                0x3f3 (size before relaxing)
 .debug_str     0x0000102d       0xd2 .\CortexM3\ARM_GCC_493\Debug\n00b.a(USBFS_1_pm.o)
                                0x2e8 (size before relaxing)
 .debug_str     0x000010ff      0x208 .\CortexM3\ARM_GCC_493\Debug\n00b.a(USBFS_1_std.o)
                                0x711 (size before relaxing)
 .debug_str     0x00001307       0x25 .\CortexM3\ARM_GCC_493\Debug\n00b.a(USBFS_1_vnd.o)
                                0x1de (size before relaxing)
 .debug_str     0x0000132c      0x1f2 .\CortexM3\ARM_GCC_493\Debug\n00b.a(QuadDec_1_Cnt16.o)
                                0x407 (size before relaxing)
 .debug_str     0x0000151e       0xa4 .\CortexM3\ARM_GCC_493\Debug\n00b.a(USBFS_1_Dp.o)
                                0x23e (size before relaxing)
 .debug_str     0x000015c2      0x7e4 .\CortexM3\ARM_GCC_493\Debug\n00b.a(CyLib.o)
                                0xa38 (size before relaxing)
 .debug_str     0x00001da6      0x359 .\CortexM3\ARM_GCC_493\Debug\n00b.a(cyPm.o)
                                0x718 (size before relaxing)
 .debug_str     0x000020ff       0x25 .\CortexM3\ARM_GCC_493\Debug\n00b.a(USBFS_1_cls.o)
                                0x29d (size before relaxing)
 .debug_str     0x00002124      0x254 .\CortexM3\ARM_GCC_493\Debug\n00b.a(USBFS_1_descr.o)
                                0x4ad (size before relaxing)
 .debug_str     0x00002378      0x19c .\CortexM3\ARM_GCC_493\Debug\n00b.a(CyFlash.o)
                                0x392 (size before relaxing)
 .debug_str     0x00002514       0xac .\CortexM3\ARM_GCC_493\Debug\n00b.a(CySpc.o)
                                0x31b (size before relaxing)

.debug_loc      0x00000000     0x2c44
 *(.debug_loc)
 .debug_loc     0x00000000       0x22 .\CortexM3\ARM_GCC_493\Debug\main.o
 .debug_loc     0x00000022      0x144 .\CortexM3\ARM_GCC_493\Debug\Cm3Start.o
 .debug_loc     0x00000166      0x1d7 .\CortexM3\ARM_GCC_493\Debug\n00b.a(cyfitter_cfg.o)
 .debug_loc     0x0000033d       0xb9 .\CortexM3\ARM_GCC_493\Debug\n00b.a(QuadDec_1.o)
 .debug_loc     0x000003f6       0x13 .\CortexM3\ARM_GCC_493\Debug\n00b.a(QuadDec_1_INT.o)
 .debug_loc     0x00000409      0x435 .\CortexM3\ARM_GCC_493\Debug\n00b.a(USBFS_1.o)
 .debug_loc     0x0000083e      0x171 .\CortexM3\ARM_GCC_493\Debug\n00b.a(USBFS_1_drv.o)
 .debug_loc     0x000009af      0x3a8 .\CortexM3\ARM_GCC_493\Debug\n00b.a(USBFS_1_hid.o)
 .debug_loc     0x00000d57       0x26 .\CortexM3\ARM_GCC_493\Debug\n00b.a(USBFS_1_pm.o)
 .debug_loc     0x00000d7d      0x87d .\CortexM3\ARM_GCC_493\Debug\n00b.a(USBFS_1_std.o)
 .debug_loc     0x000015fa       0x3d .\CortexM3\ARM_GCC_493\Debug\n00b.a(QuadDec_1_Cnt16.o)
 .debug_loc     0x00001637       0x84 .\CortexM3\ARM_GCC_493\Debug\n00b.a(USBFS_1_Dp.o)
 .debug_loc     0x000016bb      0xa11 .\CortexM3\ARM_GCC_493\Debug\n00b.a(CyLib.o)
 .debug_loc     0x000020cc      0x1e4 .\CortexM3\ARM_GCC_493\Debug\n00b.a(cyPm.o)
 .debug_loc     0x000022b0       0x47 .\CortexM3\ARM_GCC_493\Debug\n00b.a(USBFS_1_cls.o)
 .debug_loc     0x000022f7      0x300 .\CortexM3\ARM_GCC_493\Debug\n00b.a(CyFlash.o)
 .debug_loc     0x000025f7      0x64d .\CortexM3\ARM_GCC_493\Debug\n00b.a(CySpc.o)

.debug_macinfo
 *(.debug_macinfo)

.debug_ranges   0x00000000      0x800
 *(.debug_ranges)
 .debug_ranges  0x00000000       0x10 .\CortexM3\ARM_GCC_493\Debug\main.o
 .debug_ranges  0x00000010       0x38 .\CortexM3\ARM_GCC_493\Debug\Cm3Start.o
 .debug_ranges  0x00000048       0x48 .\CortexM3\ARM_GCC_493\Debug\n00b.a(cyfitter_cfg.o)
 .debug_ranges  0x00000090       0x50 .\CortexM3\ARM_GCC_493\Debug\n00b.a(QuadDec_1.o)
 .debug_ranges  0x000000e0       0x10 .\CortexM3\ARM_GCC_493\Debug\n00b.a(QuadDec_1_INT.o)
 .debug_ranges  0x000000f0       0xd0 .\CortexM3\ARM_GCC_493\Debug\n00b.a(USBFS_1.o)
 .debug_ranges  0x000001c0       0x88 .\CortexM3\ARM_GCC_493\Debug\n00b.a(USBFS_1_drv.o)
 .debug_ranges  0x00000248       0x18 .\CortexM3\ARM_GCC_493\Debug\n00b.a(USBFS_1_episr.o)
 .debug_ranges  0x00000260       0x38 .\CortexM3\ARM_GCC_493\Debug\n00b.a(USBFS_1_hid.o)
 .debug_ranges  0x00000298       0x30 .\CortexM3\ARM_GCC_493\Debug\n00b.a(USBFS_1_pm.o)
 .debug_ranges  0x000002c8       0x68 .\CortexM3\ARM_GCC_493\Debug\n00b.a(USBFS_1_std.o)
 .debug_ranges  0x00000330       0x10 .\CortexM3\ARM_GCC_493\Debug\n00b.a(USBFS_1_vnd.o)
 .debug_ranges  0x00000340       0x88 .\CortexM3\ARM_GCC_493\Debug\n00b.a(QuadDec_1_Cnt16.o)
 .debug_ranges  0x000003c8       0x38 .\CortexM3\ARM_GCC_493\Debug\n00b.a(USBFS_1_Dp.o)
 .debug_ranges  0x00000400      0x290 .\CortexM3\ARM_GCC_493\Debug\n00b.a(CyLib.o)
 .debug_ranges  0x00000690       0x88 .\CortexM3\ARM_GCC_493\Debug\n00b.a(cyPm.o)
 .debug_ranges  0x00000718       0x10 .\CortexM3\ARM_GCC_493\Debug\n00b.a(USBFS_1_cls.o)
 .debug_ranges  0x00000728       0x70 .\CortexM3\ARM_GCC_493\Debug\n00b.a(CyFlash.o)
 .debug_ranges  0x00000798       0x68 .\CortexM3\ARM_GCC_493\Debug\n00b.a(CySpc.o)

.comment        0x00000000       0x70
 .comment       0x00000000       0x70 .\CortexM3\ARM_GCC_493\Debug\main.o
                                 0x71 (size before relaxing)
 .comment       0x00000000       0x71 .\CortexM3\ARM_GCC_493\Debug\cymetadata.o
 .comment       0x00000000       0x71 .\CortexM3\ARM_GCC_493\Debug\Cm3Start.o
 .comment       0x00000000       0x71 .\CortexM3\ARM_GCC_493\Debug\n00b.a(cyfitter_cfg.o)
 .comment       0x00000000       0x71 .\CortexM3\ARM_GCC_493\Debug\n00b.a(QuadDec_1.o)
 .comment       0x00000000       0x71 .\CortexM3\ARM_GCC_493\Debug\n00b.a(QuadDec_1_INT.o)
 .comment       0x00000000       0x71 .\CortexM3\ARM_GCC_493\Debug\n00b.a(USBFS_1.o)
 .comment       0x00000000       0x71 .\CortexM3\ARM_GCC_493\Debug\n00b.a(USBFS_1_drv.o)
 .comment       0x00000000       0x71 .\CortexM3\ARM_GCC_493\Debug\n00b.a(USBFS_1_episr.o)
 .comment       0x00000000       0x71 .\CortexM3\ARM_GCC_493\Debug\n00b.a(USBFS_1_hid.o)
 .comment       0x00000000       0x71 .\CortexM3\ARM_GCC_493\Debug\n00b.a(USBFS_1_pm.o)
 .comment       0x00000000       0x71 .\CortexM3\ARM_GCC_493\Debug\n00b.a(USBFS_1_std.o)
 .comment       0x00000000       0x71 .\CortexM3\ARM_GCC_493\Debug\n00b.a(USBFS_1_vnd.o)
 .comment       0x00000000       0x71 .\CortexM3\ARM_GCC_493\Debug\n00b.a(QuadDec_1_Cnt16.o)
 .comment       0x00000000       0x71 .\CortexM3\ARM_GCC_493\Debug\n00b.a(USBFS_1_Dp.o)
 .comment       0x00000000       0x71 .\CortexM3\ARM_GCC_493\Debug\n00b.a(CyLib.o)
 .comment       0x00000000       0x71 .\CortexM3\ARM_GCC_493\Debug\n00b.a(cyPm.o)
 .comment       0x00000000       0x71 .\CortexM3\ARM_GCC_493\Debug\n00b.a(USBFS_1_cls.o)
 .comment       0x00000000       0x71 .\CortexM3\ARM_GCC_493\Debug\n00b.a(USBFS_1_descr.o)
 .comment       0x00000000       0x71 .\CortexM3\ARM_GCC_493\Debug\n00b.a(CyFlash.o)
 .comment       0x00000000       0x71 .\CortexM3\ARM_GCC_493\Debug\n00b.a(CySpc.o)

.debug_weaknames
 *(.debug_weaknames)

.debug_funcnames
 *(.debug_funcnames)

.debug_typenames
 *(.debug_typenames)

.debug_varnames
 *(.debug_varnames)

.note.gnu.arm.ident
 *(.note.gnu.arm.ident)

.ARM.attributes
                0x00000000       0x29
 *(.ARM.attributes)
 .ARM.attributes
                0x00000000       0x1d c:/program files (x86)/cypress/psoc creator/4.0/psoc creator/import/gnu/arm/4.9.3/bin/../lib/gcc/arm-none-eabi/4.9.3/armv7-m/crti.o
 .ARM.attributes
                0x0000001d       0x2d c:/program files (x86)/cypress/psoc creator/4.0/psoc creator/import/gnu/arm/4.9.3/bin/../lib/gcc/arm-none-eabi/4.9.3/armv7-m/crtbegin.o
 .ARM.attributes
                0x0000004a       0x1b c:/program files (x86)/cypress/psoc creator/4.0/psoc creator/import/gnu/arm/4.9.3/bin/../lib/gcc/arm-none-eabi/4.9.3/../../../../arm-none-eabi/lib/armv7-m/crt0.o
 .ARM.attributes
                0x00000065       0x33 .\CortexM3\ARM_GCC_493\Debug\main.o
 .ARM.attributes
                0x00000098       0x33 .\CortexM3\ARM_GCC_493\Debug\cymetadata.o
 .ARM.attributes
                0x000000cb       0x33 .\CortexM3\ARM_GCC_493\Debug\Cm3Start.o
 .ARM.attributes
                0x000000fe       0x33 .\CortexM3\ARM_GCC_493\Debug\n00b.a(cyfitter_cfg.o)
 .ARM.attributes
                0x00000131       0x33 .\CortexM3\ARM_GCC_493\Debug\n00b.a(QuadDec_1.o)
 .ARM.attributes
                0x00000164       0x33 .\CortexM3\ARM_GCC_493\Debug\n00b.a(QuadDec_1_INT.o)
 .ARM.attributes
                0x00000197       0x33 .\CortexM3\ARM_GCC_493\Debug\n00b.a(USBFS_1.o)
 .ARM.attributes
                0x000001ca       0x33 .\CortexM3\ARM_GCC_493\Debug\n00b.a(USBFS_1_drv.o)
 .ARM.attributes
                0x000001fd       0x33 .\CortexM3\ARM_GCC_493\Debug\n00b.a(USBFS_1_episr.o)
 .ARM.attributes
                0x00000230       0x33 .\CortexM3\ARM_GCC_493\Debug\n00b.a(USBFS_1_hid.o)
 .ARM.attributes
                0x00000263       0x33 .\CortexM3\ARM_GCC_493\Debug\n00b.a(USBFS_1_pm.o)
 .ARM.attributes
                0x00000296       0x33 .\CortexM3\ARM_GCC_493\Debug\n00b.a(USBFS_1_std.o)
 .ARM.attributes
                0x000002c9       0x33 .\CortexM3\ARM_GCC_493\Debug\n00b.a(USBFS_1_vnd.o)
 .ARM.attributes
                0x000002fc       0x33 .\CortexM3\ARM_GCC_493\Debug\n00b.a(QuadDec_1_Cnt16.o)
 .ARM.attributes
                0x0000032f       0x33 .\CortexM3\ARM_GCC_493\Debug\n00b.a(USBFS_1_Dp.o)
 .ARM.attributes
                0x00000362       0x33 .\CortexM3\ARM_GCC_493\Debug\n00b.a(CyLib.o)
 .ARM.attributes
                0x00000395       0x33 .\CortexM3\ARM_GCC_493\Debug\n00b.a(cyPm.o)
 .ARM.attributes
                0x000003c8       0x21 .\CortexM3\ARM_GCC_493\Debug\n00b.a(CyBootAsmGnu.o)
 .ARM.attributes
                0x000003e9       0x33 .\CortexM3\ARM_GCC_493\Debug\n00b.a(USBFS_1_cls.o)
 .ARM.attributes
                0x0000041c       0x33 .\CortexM3\ARM_GCC_493\Debug\n00b.a(USBFS_1_descr.o)
 .ARM.attributes
                0x0000044f       0x33 .\CortexM3\ARM_GCC_493\Debug\n00b.a(CyFlash.o)
 .ARM.attributes
                0x00000482       0x33 .\CortexM3\ARM_GCC_493\Debug\n00b.a(CySpc.o)
 .ARM.attributes
                0x000004b5       0x1d c:/program files (x86)/cypress/psoc creator/4.0/psoc creator/import/gnu/arm/4.9.3/bin/../lib/gcc/arm-none-eabi/4.9.3/armv7-m\libgcc.a(_arm_addsubdf3.o)
 .ARM.attributes
                0x000004d2       0x1d c:/program files (x86)/cypress/psoc creator/4.0/psoc creator/import/gnu/arm/4.9.3/bin/../lib/gcc/arm-none-eabi/4.9.3/armv7-m\libgcc.a(_arm_cmpdf2.o)
 .ARM.attributes
                0x000004ef       0x1d c:/program files (x86)/cypress/psoc creator/4.0/psoc creator/import/gnu/arm/4.9.3/bin/../lib/gcc/arm-none-eabi/4.9.3/armv7-m\libgcc.a(_arm_addsubsf3.o)
 .ARM.attributes
                0x0000050c       0x1d c:/program files (x86)/cypress/psoc creator/4.0/psoc creator/import/gnu/arm/4.9.3/bin/../lib/gcc/arm-none-eabi/4.9.3/armv7-m\libgcc.a(_arm_muldivsf3.o)
 .ARM.attributes
                0x00000529       0x2d c:/program files (x86)/cypress/psoc creator/4.0/psoc creator/import/gnu/arm/4.9.3/bin/../lib/gcc/arm-none-eabi/4.9.3/../../../../arm-none-eabi/lib/armv7-m\libg_nano.a(lib_a-errno.o)
 .ARM.attributes
                0x00000556       0x2d c:/program files (x86)/cypress/psoc creator/4.0/psoc creator/import/gnu/arm/4.9.3/bin/../lib/gcc/arm-none-eabi/4.9.3/../../../../arm-none-eabi/lib/armv7-m\libg_nano.a(lib_a-exit.o)
 .ARM.attributes
                0x00000583       0x2d c:/program files (x86)/cypress/psoc creator/4.0/psoc creator/import/gnu/arm/4.9.3/bin/../lib/gcc/arm-none-eabi/4.9.3/../../../../arm-none-eabi/lib/armv7-m\libg_nano.a(lib_a-impure.o)
 .ARM.attributes
                0x000005b0       0x2d c:/program files (x86)/cypress/psoc creator/4.0/psoc creator/import/gnu/arm/4.9.3/bin/../lib/gcc/arm-none-eabi/4.9.3/../../../../arm-none-eabi/lib/armv7-m\libg_nano.a(lib_a-init.o)
 .ARM.attributes
                0x000005dd       0x2d c:/program files (x86)/cypress/psoc creator/4.0/psoc creator/import/gnu/arm/4.9.3/bin/../lib/gcc/arm-none-eabi/4.9.3/../../../../arm-none-eabi/lib/armv7-m\libg_nano.a(lib_a-memcpy.o)
 .ARM.attributes
                0x0000060a       0x2d c:/program files (x86)/cypress/psoc creator/4.0/psoc creator/import/gnu/arm/4.9.3/bin/../lib/gcc/arm-none-eabi/4.9.3/../../../../arm-none-eabi/lib/armv7-m\libg_nano.a(lib_a-memset.o)
 .ARM.attributes
                0x00000637       0x2d c:/program files (x86)/cypress/psoc creator/4.0/psoc creator/import/gnu/arm/4.9.3/bin/../lib/gcc/arm-none-eabi/4.9.3/armv7-m/crtend.o
 .ARM.attributes
                0x00000664       0x1d c:/program files (x86)/cypress/psoc creator/4.0/psoc creator/import/gnu/arm/4.9.3/bin/../lib/gcc/arm-none-eabi/4.9.3/armv7-m/crtn.o

/DISCARD/
 *(.note.GNU-stack)
OUTPUT(.\CortexM3\ARM_GCC_493\Debug\n00b.elf elf32-littlearm)
